// Jest Snapshot v1, https://goo.gl/fbAQLP

exports[`Renders button 1`] = `
<button
  className="button-start"
>
  <p>
    Begin
  </p>
  <svg
    className="button-start_svg"
    height="19"
    viewBox="0 0 33 40"
    width="17.5"
  >
    <path
      d="M0 0h13l20 20-20 20H0l20-20z"
      fill="currentColor"
    />
  </svg>
</button>
`;
