// Jest Snapshot v1, https://goo.gl/fbAQLP

exports[`Button is rendered 1`] = `
<input
  className="button--submit"
  type="submit"
  value="Submit"
/>
`;
